// Jest Snapshot v1, https://goo.gl/fbAQLP

exports[`Should match snapshots 1`] = `
<DocumentFragment>
  <form
    data-testid="new-todo-form"
  >
    <label
      for="todo"
    >
      Todo:
    </label>
    <input
      data-testid="new-todo-input"
      id="todo"
      name="todo"
      placeholder="Todo"
      value=""
    />
    <button>
      Submit todo!
    </button>
  </form>
  <ul />
</DocumentFragment>
`;
